
serina@homuratyann MINGW64 ~ (main)
$ mkdir git_challenge

serina@homuratyann MINGW64 ~ (main)
$ cd git_challenge

serina@homuratyann MINGW64 ~/git_challenge (main)
$ echo "Hello,world!" >> hello_world.txt

serina@homuratyann MINGW64 ~/git_challenge (main)
$ git init
Initialized empty Git repository in C:/Users/serina/git_challenge/.git/

serina@homuratyann MINGW64 ~/git_challenge (main)
$ git add .
warning: in the working copy of 'hello_world.txt', LF will be replaced by CRLF the next time Git touches it

serina@homuratyann MINGW64 ~/git_challenge (main)
$ git commit -m "1回目"
[main (root-commit) 0e71f7f] 1回目
 1 file changed, 1 insertion(+)
 create mode 100644 hello_world.txt

serina@homuratyann MINGW64 ~/git_challenge (main)
$ git status
On branch main
Changes not staged for commit:
  (use "git add <file>..." to update what will be committed)
  (use "git restore <file>..." to discard changes in working directory)
        modified:   hello_world.txt

no changes added to commit (use "git add" and/or "git commit -a")

serina@homuratyann MINGW64 ~/git_challenge (main)
$ git log
commit 0e71f7f846b7f9bcc77541823beae55aad4c73ce (HEAD -> main)
Author: serichannu <serina.chappy@icloud.com>
Date:   Wed Nov 29 09:22:30 2023 +0900

    1回目

serina@homuratyann MINGW64 ~/git_challenge (main)
$ git commit -m "2回目"
On branch main
Changes not staged for commit:
  (use "git add <file>..." to update what will be committed)
  (use "git restore <file>..." to discard changes in working directory)
        modified:   hello_world.txt

no changes added to commit (use "git add" and/or "git commit -a")

serina@homuratyann MINGW64 ~/git_challenge (main)
$ git log
commit 0e71f7f846b7f9bcc77541823beae55aad4c73ce (HEAD -> main)
Author: serichannu <serina.chappy@icloud.com>
Date:   Wed Nov 29 09:22:30 2023 +0900

    1回目

serina@homuratyann MINGW64 ~/git_challenge (main)
$ git add .
warning: in the working copy of 'hello_world.txt', LF will be replaced by CRLF the next time Git touches it

serina@homuratyann MINGW64 ~/git_challenge (main)
$ git commit -m "2回目"
[main 6ee2b8b] 2回目
 1 file changed, 2 insertions(+)

serina@homuratyann MINGW64 ~/git_challenge (main)
$ git log
commit 6ee2b8b4ff8da401dffe6ca2bc22740509bac815 (HEAD -> main)
Author: serichannu <serina.chappy@icloud.com>
Date:   Wed Nov 29 09:24:58 2023 +0900

    2回目

commit 0e71f7f846b7f9bcc77541823beae55aad4c73ce
Author: serichannu <serina.chappy@icloud.com>
Date:   Wed Nov 29 09:22:30 2023 +0900

    1回目

serina@homuratyann MINGW64 ~/git_challenge (main)
$ git status
On branch main
nothing to commit, working tree clean

serina@homuratyann MINGW64 ~/git_challenge (main)
$ git log
commit 6ee2b8b4ff8da401dffe6ca2bc22740509bac815 (HEAD -> main)
Author: serichannu <serina.chappy@icloud.com>
Date:   Wed Nov 29 09:24:58 2023 +0900

    2回目

commit 0e71f7f846b7f9bcc77541823beae55aad4c73ce
Author: serichannu <serina.chappy@icloud.com>
Date:   Wed Nov 29 09:22:30 2023 +0900

    1回目
